******************************************************************************
                  TI ARM Linker PC v20.2.7                     
******************************************************************************
>> Linked Thu Sep 19 20:20:22 2024

OUTPUT FILE NAME:   <Interrept_with_switch.out>
ENTRY POINT SYMBOL: "_c_int00_noargs"  address: 000004e1


MEMORY CONFIGURATION

         name            origin    length      used     unused   attr    fill
----------------------  --------  ---------  --------  --------  ----  --------
  FLASH                 00000000   00040000  0000054e  0003fab2  R  X
  SRAM                  20000000   00008000  00000204  00007dfc  RW X


SEGMENT ALLOCATION MAP

run origin  load origin   length   init length attrs members
----------  ----------- ---------- ----------- ----- -------
00000000    00000000    00000550   00000550    r-x
  00000000    00000000    0000026c   0000026c    r-- .intvecs
  0000026c    0000026c    000002ca   000002ca    r-x .text
  00000538    00000538    00000018   00000018    r-- .cinit
20000000    20000000    00000204   00000000    rw-
  20000000    20000000    00000200   00000000    rw- .stack
  20000200    20000200    00000004   00000000    rw- .data


SECTION ALLOCATION MAP

 output                                  attributes/
section   page    origin      length       input sections
--------  ----  ----------  ----------   ----------------
.intvecs   0    00000000    0000026c     
                  00000000    0000026c     tm4c123gh6pm_startup_ccs.obj (.intvecs)

.text      0    0000026c    000002ca     
                  0000026c    0000012c     main.obj (.text)
                  00000398    0000009c     rtsv7M4_T_le_v4SPD16_eabi.lib : memcpy_t2.asm.obj (.text)
                  00000434    00000068                                   : copy_decompress_lzss.c.obj (.text:decompress:lzss:__TI_decompress_lzss)
                  0000049c    00000044                                   : autoinit.c.obj (.text:__TI_auto_init_nobinit_nopinit:__TI_auto_init_nobinit_nopinit)
                  000004e0    00000034                                   : boot_cortex_m.c.obj (.text:_c_int00_noargs:_c_int00_noargs)
                  00000514    0000000e                                   : copy_decompress_none.c.obj (.text:decompress:none:__TI_decompress_none)
                  00000522    0000000c     tm4c123gh6pm_startup_ccs.obj (.text)
                  0000052e    00000004     rtsv7M4_T_le_v4SPD16_eabi.lib : pre_init.c.obj (.text:_system_pre_init)
                  00000532    00000004                                   : exit.c.obj (.text:abort:abort)

.cinit     0    00000538    00000018     
                  00000538    00000008     (.cinit..data.load) [load image, compression = lzss]
                  00000540    00000008     (__TI_handler_table)
                  00000548    00000008     (__TI_cinit_table)

.init_array 
*          0    00000000    00000000     UNINITIALIZED

.data      0    20000200    00000004     UNINITIALIZED
                  20000200    00000004     main.obj (.data)

.stack     0    20000000    00000200     UNINITIALIZED
                  20000000    00000004     rtsv7M4_T_le_v4SPD16_eabi.lib : boot_cortex_m.c.obj (.stack)
                  20000004    000001fc     --HOLE--

__llvm_prf_cnts 
*          0    20000000    00000000     UNINITIALIZED

MODULE SUMMARY

       Module                         code   ro data   rw data
       ------                         ----   -------   -------
    .\
       tm4c123gh6pm_startup_ccs.obj   12     620       0      
       main.obj                       300    0         4      
    +--+------------------------------+------+---------+---------+
       Total:                         312    620       4      
                                                              
    C:\ti\ccs1271\ccs\tools\compiler\ti-cgt-arm_20.2.7.LTS\lib\rtsv7M4_T_le_v4SPD16_eabi.lib
       memcpy_t2.asm.obj              156    0         0      
       copy_decompress_lzss.c.obj     104    0         0      
       autoinit.c.obj                 68     0         0      
       boot_cortex_m.c.obj            52     0         0      
       copy_decompress_none.c.obj     14     0         0      
       exit.c.obj                     4      0         0      
       pre_init.c.obj                 4      0         0      
    +--+------------------------------+------+---------+---------+
       Total:                         402    0         0      
                                                              
       Stack:                         0      0         512    
       Linker Generated:              0      24        0      
    +--+------------------------------+------+---------+---------+
       Grand Total:                   714    644       516    


LINKER GENERATED COPY TABLES

__TI_cinit_table @ 00000548 records: 1, size/record: 8, table size: 8
	.data: load addr=00000538, load size=00000008 bytes, run addr=20000200, run size=00000004 bytes, compression=lzss


LINKER GENERATED HANDLER TABLE

__TI_handler_table @ 00000540 records: 2, size/record: 4, table size: 8
	index: 0, handler: __TI_decompress_lzss
	index: 1, handler: __TI_decompress_none


GLOBAL SYMBOLS: SORTED ALPHABETICALLY BY Name 

address   name                          
-------   ----                          
00000533  C$$EXIT                       
00000311  GPIO_PORTF_Handler            
0000026d  GPIO_PORTF_INIT               
00000523  ResetISR                      
20000200  __STACK_END                   
00000200  __STACK_SIZE                  
20000200  __STACK_TOP                   
00000548  __TI_CINIT_Base               
00000550  __TI_CINIT_Limit              
00000540  __TI_Handler_Table_Base       
00000548  __TI_Handler_Table_Limit      
0000049d  __TI_auto_init_nobinit_nopinit
00000435  __TI_decompress_lzss          
00000515  __TI_decompress_none          
ffffffff  __TI_pprof_out_hndl           
ffffffff  __TI_prof_data_size           
ffffffff  __TI_prof_data_start          
00000000  __TI_static_base__            
00000399  __aeabi_memcpy                
00000399  __aeabi_memcpy4               
00000399  __aeabi_memcpy8               
ffffffff  __binit__                     
ffffffff  __c_args__                    
UNDEFED   __mpu_init                    
20000000  __stack                       
20000000  __start___llvm_prf_cnts       
20000000  __stop___llvm_prf_cnts        
000004e1  _c_int00_noargs               
UNDEFED   _system_post_cinit            
0000052f  _system_pre_init              
00000533  abort                         
ffffffff  binit                         
20000200  clock                         
000002b9  delay                         
00000000  g_pfnVectors                  
00000349  main                          
00000399  memcpy                        


GLOBAL SYMBOLS: SORTED BY Symbol Address 

address   name                          
-------   ----                          
00000000  __TI_static_base__            
00000000  g_pfnVectors                  
00000200  __STACK_SIZE                  
0000026d  GPIO_PORTF_INIT               
000002b9  delay                         
00000311  GPIO_PORTF_Handler            
00000349  main                          
00000399  __aeabi_memcpy                
00000399  __aeabi_memcpy4               
00000399  __aeabi_memcpy8               
00000399  memcpy                        
00000435  __TI_decompress_lzss          
0000049d  __TI_auto_init_nobinit_nopinit
000004e1  _c_int00_noargs               
00000515  __TI_decompress_none          
00000523  ResetISR                      
0000052f  _system_pre_init              
00000533  C$$EXIT                       
00000533  abort                         
00000540  __TI_Handler_Table_Base       
00000548  __TI_CINIT_Base               
00000548  __TI_Handler_Table_Limit      
00000550  __TI_CINIT_Limit              
20000000  __stack                       
20000000  __start___llvm_prf_cnts       
20000000  __stop___llvm_prf_cnts        
20000200  __STACK_END                   
20000200  __STACK_TOP                   
20000200  clock                         
ffffffff  __TI_pprof_out_hndl           
ffffffff  __TI_prof_data_size           
ffffffff  __TI_prof_data_start          
ffffffff  __binit__                     
ffffffff  __c_args__                    
ffffffff  binit                         
UNDEFED   __mpu_init                    
UNDEFED   _system_post_cinit            

[37 symbols]
